// Vitest Snapshot v1, https://vitest.dev/guide/snapshot.html

exports[`Testing AssembledScheduleCard component > Properly renders schedule card 1`] = `
{
  "asFragment": [Function],
  "baseElement": .c2 {
  font-size: 1.4em;
  width: 8.4em;
  height: -webkit-max-content;
  height: -moz-max-content;
  height: max-content;
  border-radius: 0.8em;
  padding-bottom: 0.5em;
  background: #37393F;
  box-shadow: 0.1em 0.2em 0.2em 0 #00000080;
}

.c2 header {
  font-size: 1.3em;
  line-height: 1em;
  font-weight: 400;
  text-align: center;
  padding-block: 0.5em;
}

.c2 .card-body {
  display: grid;
  grid-template-columns: 1fr 1fr;
  grid-template-rows: 1fr 1fr 1fr;
  padding-inline: 0.3em;
}

.c2 .card-body span {
  text-align: center;
  line-height: 1.5em;
}

.c2 .card-body span:nth-child(2n - 1) {
  grid-column: 1 / 2;
  font-weight: 100;
}

.c2 .card-body span:nth-child(2n) {
  grid-column: 2 / 3;
  font-weight: 400;
}

.c1 {
  --transition-duration: 0.3s;
  -webkit-appearance: none;
  -moz-appearance: none;
  appearance: none;
  position: relative;
  font-size: 1em;
  width: 4em;
  height: 2em;
  box-shadow: inset 0 0 0.4em #00000060;
  border-radius: 10em;
  background: #50535a;
  -webkit-transition: all 0.5s;
  transition: all 0.5s;
}

.c1:after {
  content: "";
  position: absolute;
  top: 0em;
  left: 0;
  width: 2em;
  height: 2em;
  border-radius: 10em;
  box-shadow: 0 0 0.4em 0em #00000060;
  background: white;
  -webkit-transform: scale(1.05);
  -ms-transform: scale(1.05);
  transform: scale(1.05);
  -webkit-transition: all var(--transition-duration);
  transition: all var(--transition-duration);
}

.c1:checked {
  background: #0068e2;
  box-shadow: none;
}

.c1:checked::after {
  left: 100%;
  -webkit-transform: translateX(-100%) scale(1.05);
  -ms-transform: translateX(-100%) scale(1.05);
  transform: translateX(-100%) scale(1.05);
}

.c0 {
  width: 37em;
  height: -webkit-fit-content;
  height: -moz-fit-content;
  height: fit-content;
  padding: 0 0.3em 1em 0.3em;
  position: relative;
  border-radius: 1.3em;
  background: #2A2C32;
  box-shadow: 0.4em 0.4em 0.4em 0 #00000080;
}

.c0 > header {
  position: relative;
  padding-block: 1.2em;
}

.c0 > header > input.switch {
  position: absolute;
  right: 0.5em;
  top: 50%;
  -webkit-transform: translateY(-55%);
  -ms-transform: translateY(-55%);
  transform: translateY(-55%);
}

.c0 > header .title {
  line-height: 1em;
  font-size: 1.9em;
  font-weight: 400;
  -webkit-letter-spacing: 0.05em;
  -moz-letter-spacing: 0.05em;
  -ms-letter-spacing: 0.05em;
  letter-spacing: 0.05em;
  text-align: center;
  margin-inline: auto;
  width: 77%;
}

.c0 .days {
  display: -webkit-box;
  display: -webkit-flex;
  display: -ms-flexbox;
  display: flex;
  -webkit-flex-wrap: wrap;
  -ms-flex-wrap: wrap;
  flex-wrap: wrap;
  -webkit-box-pack: center;
  -webkit-justify-content: center;
  -ms-flex-pack: center;
  justify-content: center;
  gap: 0.6em;
  row-gap: 0.7em;
}

.c0 .days > * {
  -webkit-flex-basis: calc(33% - 0.4em);
  -ms-flex-preferred-size: calc(33% - 0.4em);
  flex-basis: calc(33% - 0.4em);
}

@media (min-width:700px) {
  .c0 > header > input.switch {
    font-size: 0.8em;
  }
}

<body>
    <div />
    <div>
      <div
        class="c0 assembled-schedule"
      >
        <header>
          <div
            class="title max-lines-2"
          >
            Test Schedule #1
          </div>
          <input
            class="c1 switch"
            type="checkbox"
          />
        </header>
        <div
          class="days"
        >
          <div
            class="c2"
          >
            <header>
              M
            </header>
            <div
              class="card-body"
            >
              <span>
                 
                Classes
                 
              </span>
              <span>
                4
              </span>
              <span>
                 
                Start
                 
              </span>
              <span>
                08:30
              </span>
              <span>
                 
                End
                 
              </span>
              <span>
                16:00
              </span>
            </div>
          </div>
          <div
            class="c2"
          >
            <header>
              T
            </header>
            <div
              class="card-body"
            >
              <span>
                 
                Classes
                 
              </span>
              <span>
                3
              </span>
              <span>
                 
                Start
                 
              </span>
              <span>
                10:30
              </span>
              <span>
                 
                End
                 
              </span>
              <span>
                16:00
              </span>
            </div>
          </div>
          <div
            class="c2"
          >
            <header>
              W
            </header>
            <div
              class="card-body"
            >
              <span>
                 
                Classes
                 
              </span>
              <span>
                2
              </span>
              <span>
                 
                Start
                 
              </span>
              <span>
                12:30
              </span>
              <span>
                 
                End
                 
              </span>
              <span>
                16:00
              </span>
            </div>
          </div>
          <div
            class="c2"
          >
            <header>
              T
            </header>
            <div
              class="card-body"
            >
              <span>
                 
                Classes
                 
              </span>
              <span>
                0
              </span>
              <span>
                 
                Start
                 
              </span>
              <span>
                -:-
              </span>
              <span>
                 
                End
                 
              </span>
              <span>
                -:-
              </span>
            </div>
          </div>
          <div
            class="c2"
          >
            <header>
              F
            </header>
            <div
              class="card-body"
            >
              <span>
                 
                Classes
                 
              </span>
              <span>
                0
              </span>
              <span>
                 
                Start
                 
              </span>
              <span>
                -:-
              </span>
              <span>
                 
                End
                 
              </span>
              <span>
                -:-
              </span>
            </div>
          </div>
        </div>
      </div>
    </div>
  </body>,
  "container": .c2 {
  font-size: 1.4em;
  width: 8.4em;
  height: -webkit-max-content;
  height: -moz-max-content;
  height: max-content;
  border-radius: 0.8em;
  padding-bottom: 0.5em;
  background: #37393F;
  box-shadow: 0.1em 0.2em 0.2em 0 #00000080;
}

.c2 header {
  font-size: 1.3em;
  line-height: 1em;
  font-weight: 400;
  text-align: center;
  padding-block: 0.5em;
}

.c2 .card-body {
  display: grid;
  grid-template-columns: 1fr 1fr;
  grid-template-rows: 1fr 1fr 1fr;
  padding-inline: 0.3em;
}

.c2 .card-body span {
  text-align: center;
  line-height: 1.5em;
}

.c2 .card-body span:nth-child(2n - 1) {
  grid-column: 1 / 2;
  font-weight: 100;
}

.c2 .card-body span:nth-child(2n) {
  grid-column: 2 / 3;
  font-weight: 400;
}

.c1 {
  --transition-duration: 0.3s;
  -webkit-appearance: none;
  -moz-appearance: none;
  appearance: none;
  position: relative;
  font-size: 1em;
  width: 4em;
  height: 2em;
  box-shadow: inset 0 0 0.4em #00000060;
  border-radius: 10em;
  background: #50535a;
  -webkit-transition: all 0.5s;
  transition: all 0.5s;
}

.c1:after {
  content: "";
  position: absolute;
  top: 0em;
  left: 0;
  width: 2em;
  height: 2em;
  border-radius: 10em;
  box-shadow: 0 0 0.4em 0em #00000060;
  background: white;
  -webkit-transform: scale(1.05);
  -ms-transform: scale(1.05);
  transform: scale(1.05);
  -webkit-transition: all var(--transition-duration);
  transition: all var(--transition-duration);
}

.c1:checked {
  background: #0068e2;
  box-shadow: none;
}

.c1:checked::after {
  left: 100%;
  -webkit-transform: translateX(-100%) scale(1.05);
  -ms-transform: translateX(-100%) scale(1.05);
  transform: translateX(-100%) scale(1.05);
}

.c0 {
  width: 37em;
  height: -webkit-fit-content;
  height: -moz-fit-content;
  height: fit-content;
  padding: 0 0.3em 1em 0.3em;
  position: relative;
  border-radius: 1.3em;
  background: #2A2C32;
  box-shadow: 0.4em 0.4em 0.4em 0 #00000080;
}

.c0 > header {
  position: relative;
  padding-block: 1.2em;
}

.c0 > header > input.switch {
  position: absolute;
  right: 0.5em;
  top: 50%;
  -webkit-transform: translateY(-55%);
  -ms-transform: translateY(-55%);
  transform: translateY(-55%);
}

.c0 > header .title {
  line-height: 1em;
  font-size: 1.9em;
  font-weight: 400;
  -webkit-letter-spacing: 0.05em;
  -moz-letter-spacing: 0.05em;
  -ms-letter-spacing: 0.05em;
  letter-spacing: 0.05em;
  text-align: center;
  margin-inline: auto;
  width: 77%;
}

.c0 .days {
  display: -webkit-box;
  display: -webkit-flex;
  display: -ms-flexbox;
  display: flex;
  -webkit-flex-wrap: wrap;
  -ms-flex-wrap: wrap;
  flex-wrap: wrap;
  -webkit-box-pack: center;
  -webkit-justify-content: center;
  -ms-flex-pack: center;
  justify-content: center;
  gap: 0.6em;
  row-gap: 0.7em;
}

.c0 .days > * {
  -webkit-flex-basis: calc(33% - 0.4em);
  -ms-flex-preferred-size: calc(33% - 0.4em);
  flex-basis: calc(33% - 0.4em);
}

@media (min-width:700px) {
  .c0 > header > input.switch {
    font-size: 0.8em;
  }
}

<div>
    <div
      class="c0 assembled-schedule"
    >
      <header>
        <div
          class="title max-lines-2"
        >
          Test Schedule #1
        </div>
        <input
          class="c1 switch"
          type="checkbox"
        />
      </header>
      <div
        class="days"
      >
        <div
          class="c2"
        >
          <header>
            M
          </header>
          <div
            class="card-body"
          >
            <span>
               
              Classes
               
            </span>
            <span>
              4
            </span>
            <span>
               
              Start
               
            </span>
            <span>
              08:30
            </span>
            <span>
               
              End
               
            </span>
            <span>
              16:00
            </span>
          </div>
        </div>
        <div
          class="c2"
        >
          <header>
            T
          </header>
          <div
            class="card-body"
          >
            <span>
               
              Classes
               
            </span>
            <span>
              3
            </span>
            <span>
               
              Start
               
            </span>
            <span>
              10:30
            </span>
            <span>
               
              End
               
            </span>
            <span>
              16:00
            </span>
          </div>
        </div>
        <div
          class="c2"
        >
          <header>
            W
          </header>
          <div
            class="card-body"
          >
            <span>
               
              Classes
               
            </span>
            <span>
              2
            </span>
            <span>
               
              Start
               
            </span>
            <span>
              12:30
            </span>
            <span>
               
              End
               
            </span>
            <span>
              16:00
            </span>
          </div>
        </div>
        <div
          class="c2"
        >
          <header>
            T
          </header>
          <div
            class="card-body"
          >
            <span>
               
              Classes
               
            </span>
            <span>
              0
            </span>
            <span>
               
              Start
               
            </span>
            <span>
              -:-
            </span>
            <span>
               
              End
               
            </span>
            <span>
              -:-
            </span>
          </div>
        </div>
        <div
          class="c2"
        >
          <header>
            F
          </header>
          <div
            class="card-body"
          >
            <span>
               
              Classes
               
            </span>
            <span>
              0
            </span>
            <span>
               
              Start
               
            </span>
            <span>
              -:-
            </span>
            <span>
               
              End
               
            </span>
            <span>
              -:-
            </span>
          </div>
        </div>
      </div>
    </div>
  </div>,
  "debug": [Function],
  "findAllByAltText": [Function],
  "findAllByDisplayValue": [Function],
  "findAllByLabelText": [Function],
  "findAllByPlaceholderText": [Function],
  "findAllByRole": [Function],
  "findAllByTestId": [Function],
  "findAllByText": [Function],
  "findAllByTitle": [Function],
  "findByAltText": [Function],
  "findByDisplayValue": [Function],
  "findByLabelText": [Function],
  "findByPlaceholderText": [Function],
  "findByRole": [Function],
  "findByTestId": [Function],
  "findByText": [Function],
  "findByTitle": [Function],
  "getAllByAltText": [Function],
  "getAllByDisplayValue": [Function],
  "getAllByLabelText": [Function],
  "getAllByPlaceholderText": [Function],
  "getAllByRole": [Function],
  "getAllByTestId": [Function],
  "getAllByText": [Function],
  "getAllByTitle": [Function],
  "getByAltText": [Function],
  "getByDisplayValue": [Function],
  "getByLabelText": [Function],
  "getByPlaceholderText": [Function],
  "getByRole": [Function],
  "getByTestId": [Function],
  "getByText": [Function],
  "getByTitle": [Function],
  "queryAllByAltText": [Function],
  "queryAllByDisplayValue": [Function],
  "queryAllByLabelText": [Function],
  "queryAllByPlaceholderText": [Function],
  "queryAllByRole": [Function],
  "queryAllByTestId": [Function],
  "queryAllByText": [Function],
  "queryAllByTitle": [Function],
  "queryByAltText": [Function],
  "queryByDisplayValue": [Function],
  "queryByLabelText": [Function],
  "queryByPlaceholderText": [Function],
  "queryByRole": [Function],
  "queryByTestId": [Function],
  "queryByText": [Function],
  "queryByTitle": [Function],
  "rerender": [Function],
  "unmount": [Function],
}
`;
